// Vitest Snapshot v1, https://vitest.dev/guide/snapshot.html

exports[`compiler: children transform > children & sibling references 1`] = `
"import { child as _child, children as _children, next as _next, createTextNode as _createTextNode, insert as _insert, setText as _setText, renderEffect as _renderEffect, template as _template } from 'vue';
const t0 = _template("<div><p></p> <!><p></p></div>", true)

export function render(_ctx) {
  const n4 = t0()
  const n0 = _child(n4)
  const n3 = _children(n4, 2)
  const n2 = _next(n3)
  const n1 = _createTextNode(() => [_ctx.second, " ", _ctx.third, " "])
  _insert(n1, n4, n3)
  _renderEffect(() => {
    _setText(n0, _ctx.first)
    _setText(n2, _ctx.forth)
  })
  return n4
}"
`;

exports[`compiler: children transform > efficient traversal 1`] = `
"import { child as _child, next as _next, setText as _setText, renderEffect as _renderEffect, template as _template } from 'vue';
const t0 = _template("<div><div>x</div><div><span></span></div><div><span></span></div><div><span></span></div></div>", true)

export function render(_ctx) {
  const n3 = t0()
  const _n0 = _next(_child(n3))
  const n0 = _child(_n0)
  const _n1 = _next(_n0)
  const n1 = _child(_n1)
  const _n2 = _next(_n1)
  const n2 = _child(_n2)
  _renderEffect(() => {
    const _msg = _ctx.msg
    
    _setText(n0, _msg)
    _setText(n1, _msg)
    _setText(n2, _msg)
  })
  return n3
}"
`;
